[backblue.gif]
[fade.gif]
[index.html]
[homescapeshack.site/img/favicon.ico]
[www.google-analytics.com/analytics.js]
[homescapeshack.site/img/bg3.jpg]
[homescapeshack.site/img/logo.png]
[homescapeshack.site/img/shield.png]
[homescapeshack.site/img/coins.png]
[homescapeshack.site/img/cash.png]
[homescapeshack.site/img/wood.png]
[homescapeshack.site/js/jquery-1.11.3.min.js]
[homescapeshack.site/js/bootstrap.min.js]
[homescapeshack.site/js/tjs.js]
[homescapeshack.site/js/script.js]
[homescapeshack.site/index.html]
[homescapeshack.site/css/bootstrap.min.css]
[homescapeshack.site/fonts/blender-pro-bold/blenderpro-bold-webfont.eot]
[homescapeshack.site/fonts/blender-pro-bold/blenderpro-bold-webfontd41d_162a16fe.eot]
[homescapeshack.site/fonts/blender-pro-bold/blenderpro-bold-webfont.woff]
[homescapeshack.site/fonts/blender-pro-bold/blenderpro-bold-webfont.ttf]
[homescapeshack.site/fonts/blender-pro-book/blenderpro-book-webfont.eot]
[homescapeshack.site/fonts/blender-pro-book/blenderpro-book-webfontd41d_162a16fe.eot]
[homescapeshack.site/fonts/blender-pro-book/blenderpro-book-webfont.woff]
[homescapeshack.site/fonts/blender-pro-book/blenderpro-book-webfont.ttf]
[homescapeshack.site/css/style.css]
[homescapeshack.site/fonts/fontawesome-webfont93e3_cdea90bb.eot]
[homescapeshack.site/fonts/fontawesome-webfontd41d_162a16fe.eot]
[homescapeshack.site/fonts/fontawesome-webfont93e3_cdea90bb.woff]
[homescapeshack.site/fonts/fontawesome-webfont93e3_cdea90bb.ttf]
[homescapeshack.site/css/font-awesome.min.css]
[homescapeshack.site/css/animate.min.css]
[homescapeshack.site/index-2.html]
[homescapeshack.site/fonts/glyphicons-halflings-regular.html]
[homescapeshack.site/fonts/glyphicons-halflings-regulard41d_162a16fe.html]
[homescapeshack.site/fonts/glyphicons-halflings-regular-2.html]
[homescapeshack.site/fonts/glyphicons-halflings-regular-3.html]
[homescapeshack.site/fonts/glyphicons-halflings-regular-4.html]
[homescapeshack.site/fonts/glyphicons-halflings-regular-5.html]
[homescapeshack.site/css/img/bg3.html]
[homescapeshack.site/fonts/blender-pro-bold/blenderpro-bold-webfont.html]
[homescapeshack.site/fonts/blender-pro-bold/blenderpro-bold-webfont.svg]
[homescapeshack.site/fonts/blender-pro-book/blenderpro-book-webfont.html]
[homescapeshack.site/fonts/blender-pro-book/blenderpro-book-webfont.svg]
[homescapeshack.site/img/qwe.html]
[homescapeshack.site/fonts/fontawesome-webfont93e3_cdea90bb.html]
[homescapeshack.site/fonts/fontawesome-webfont93e3_cdea90bb.svg]
